2026-06-03T16:48:07Z rate-safe arXiv harvest starting
2026-06-03T16:48:07Z delay_seconds=20 initial_cooldown_seconds=120
2026-06-03T16:48:07Z arxiv_version=arxiv-pp-cli 1.0.0
2026-06-03T16:48:07Z cooling down before first request
2026-06-03T16:50:07Z fetch id=2605.26289
rate limited, waiting 5s (attempt 1/3, rate adjusted to 0.0 req/s)
rate limited, waiting 5s (attempt 2/3, rate adjusted to 0.0 req/s)
rate limited, waiting 5s (attempt 3/3, rate adjusted to 0.0 req/s)
Error: GET /api/query returned HTTP 429: Rate exceeded.
GET /api/query returned HTTP 429: Rate exceeded.
2026-06-03T16:50:23Z stop id=2605.26289 status=7 reason=rate-limited
2026-06-03T16:58:36Z rate-safe arXiv harvest starting
2026-06-03T16:58:36Z delay_seconds=30 initial_cooldown_seconds=0
2026-06-03T16:58:36Z arxiv_version=arxiv-pp-cli 1.0.0
2026-06-03T16:58:36Z fetch id=2605.26289
rate limited, waiting 5s (attempt 1/3, rate adjusted to 0.0 req/s)
rate limited, waiting 5s (attempt 2/3, rate adjusted to 0.0 req/s)
rate limited, waiting 5s (attempt 3/3, rate adjusted to 0.0 req/s)
Error: GET /api/query returned HTTP 503: <!DOCTYPE html>
<html>
  <head>
    <meta charset="UTF-8">
    <title>503</title>
  </head>
  <body>
    503
  </body>
</html>
GET /api/query returned HTTP 503: <!DOCTYPE html>
<html>
  <head>
    <meta charset="UTF-8">
    <title>503</title>
  </head>
  <body>
    503
  </body>
</html>
2026-06-03T16:59:53Z stop id=2605.26289 status=5 reason=rate-limited
2026-06-03T17:13:35Z fallback OpenAlex/arXiv HTML harvest starting
2026-06-03T17:13:35Z delay_seconds=5.0 force=False
2026-06-03T17:13:35Z openalex-cli fetch arxiv_id=2605.26289
2026-06-03T17:13:40Z arxiv-html fetch arxiv_id=2605.26289
2026-06-03T17:13:40Z paper complete arxiv_id=2605.26289 status=ok
2026-06-03T17:13:45Z openalex-cli fetch arxiv_id=2605.03375
2026-06-03T17:13:50Z arxiv-html fetch arxiv_id=2605.03375
2026-06-03T17:13:50Z paper complete arxiv_id=2605.03375 status=ok
2026-06-03T17:13:56Z openalex-cli fetch arxiv_id=2605.18071
2026-06-03T17:14:01Z arxiv-html fetch arxiv_id=2605.18071
2026-06-03T17:14:01Z paper complete arxiv_id=2605.18071 status=ok
2026-06-03T17:14:06Z openalex-cli fetch arxiv_id=2604.26557
2026-06-03T17:14:11Z arxiv-html fetch arxiv_id=2604.26557
2026-06-03T17:14:12Z paper complete arxiv_id=2604.26557 status=ok
2026-06-03T17:14:17Z openalex-cli fetch arxiv_id=2603.17803
2026-06-03T17:14:22Z arxiv-html fetch arxiv_id=2603.17803
2026-06-03T17:14:22Z paper complete arxiv_id=2603.17803 status=ok
2026-06-03T17:14:27Z openalex-cli fetch arxiv_id=2605.18421
2026-06-03T17:14:33Z arxiv-html fetch arxiv_id=2605.18421
2026-06-03T17:14:33Z paper complete arxiv_id=2605.18421 status=ok
2026-06-03T17:14:38Z openalex-cli fetch arxiv_id=2604.15774
2026-06-03T17:14:43Z arxiv-html fetch arxiv_id=2604.15774
2026-06-03T17:14:44Z paper complete arxiv_id=2604.15774 status=ok
2026-06-03T17:14:49Z openalex-cli fetch arxiv_id=2508.09442
2026-06-03T17:14:54Z arxiv-html fetch arxiv_id=2508.09442
2026-06-03T17:14:54Z paper complete arxiv_id=2508.09442 status=ok
2026-06-03T17:14:59Z openalex-cli fetch arxiv_id=2508.08438
2026-06-03T17:15:04Z arxiv-html fetch arxiv_id=2508.08438
2026-06-03T17:15:05Z paper complete arxiv_id=2508.08438 status=ok
2026-06-03T17:15:10Z openalex-cli fetch arxiv_id=2511.16682
2026-06-03T17:15:15Z arxiv-html fetch arxiv_id=2511.16682
2026-06-03T17:15:15Z paper complete arxiv_id=2511.16682 status=ok
2026-06-03T17:15:20Z openalex-cli fetch arxiv_id=2511.07885
2026-06-03T17:15:25Z arxiv-html fetch arxiv_id=2511.07885
2026-06-03T17:15:26Z paper complete arxiv_id=2511.07885 status=ok
2026-06-03T17:15:26Z wrote summary_json=negative-space-harvest-summary.json
2026-06-03T17:15:26Z wrote summary_md=negative-space-harvest-summary.md
2026-06-03T17:15:26Z fallback OpenAlex/arXiv HTML harvest complete
